../Core/Src/main.c:73:6:setTimer0	16	static
../Core/Src/main.c:77:6:runTimer0	4	static
../Core/Src/main.c:85:6:setTimer1	16	static
../Core/Src/main.c:89:6:runTimer1	4	static
../Core/Src/main.c:101:5:main	8	static
../Core/Src/main.c:171:6:SystemClock_Config	72	static
../Core/Src/main.c:208:13:MX_TIM2_Init	32	static
../Core/Src/main.c:253:13:MX_GPIO_Init	32	static
../Core/Src/main.c:290:6:display7SEG	16	static
../Core/Src/main.c:393:6:update7SEG	16	static
../Core/Src/main.c:427:6:updateClockBuffer	4	static
../Core/Src/main.c:433:6:HAL_TIM_PeriodElapsedCallback	16	static
../Core/Src/main.c:443:6:Error_Handler	4	static,ignoring_inline_asm
