../Core/Src/main.c:65:6:setTimer0	16	static
../Core/Src/main.c:69:6:runTimer0	4	static
../Core/Src/main.c:77:6:setTimer1	16	static
../Core/Src/main.c:81:6:runTimer1	4	static
../Core/Src/main.c:88:6:updateLEDMatrix	16	static
../Core/Src/main.c:185:6:displayLEDMatrix	16	static
../Core/Src/main.c:212:6:setMatrixBuffer	24	static
../Core/Src/main.c:219:6:setCharacter	272	static
../Core/Src/main.c:477:6:shiftLeft	64	static
../Core/Src/main.c:491:6:shiftRight	64	static
../Core/Src/main.c:511:5:main	8	static
../Core/Src/main.c:569:6:SystemClock_Config	72	static
../Core/Src/main.c:606:13:MX_TIM2_Init	32	static
../Core/Src/main.c:651:13:MX_GPIO_Init	32	static
../Core/Src/main.c:691:6:HAL_TIM_PeriodElapsedCallback	16	static
../Core/Src/main.c:701:6:Error_Handler	4	static,ignoring_inline_asm
